2025-09-09  7:32:02 0 [Note] Starting MariaDB 10.4.32-MariaDB source revision c4143f909528e3fab0677a28631d10389354c491 as process 21724
2025-09-09  7:32:02 0 [Note] InnoDB: Mutexes and rw_locks use Windows interlocked functions
2025-09-09  7:32:02 0 [Note] InnoDB: Uses event mutexes
2025-09-09  7:32:02 0 [Note] InnoDB: Compressed tables use zlib 1.3
2025-09-09  7:32:02 0 [Note] InnoDB: Number of pools: 1
2025-09-09  7:32:02 0 [Note] InnoDB: Using SSE2 crc32 instructions
2025-09-09  7:32:02 0 [Note] InnoDB: Initializing buffer pool, total size = 16M, instances = 1, chunk size = 16M
2025-09-09  7:32:02 0 [Note] InnoDB: Completed initialization of buffer pool
2025-09-09  7:32:02 0 [Note] InnoDB: Starting crash recovery from checkpoint LSN=300288
2025-09-09  7:32:03 0 [Note] InnoDB: 128 out of 128 rollback segments are active.
2025-09-09  7:32:03 0 [Note] InnoDB: Removed temporary tablespace data file: "ibtmp1"
2025-09-09  7:32:03 0 [Note] InnoDB: Creating shared tablespace for temporary tables
2025-09-09  7:32:03 0 [Note] InnoDB: Setting file 'C:\xampp\mysql\data\ibtmp1' size to 12 MB. Physically writing the file full; Please wait ...
2025-09-09  7:32:03 0 [Note] InnoDB: File 'C:\xampp\mysql\data\ibtmp1' size is now 12 MB.
2025-09-09  7:32:03 0 [Note] InnoDB: Waiting for purge to start
2025-09-09  7:32:03 0 [Note] InnoDB: 10.4.32 started; log sequence number 300297; transaction id 170
2025-09-09  7:32:03 0 [Note] InnoDB: Loading buffer pool(s) from C:\xampp\mysql\data\ib_buffer_pool
2025-09-09  7:32:03 0 [Note] Plugin 'FEEDBACK' is disabled.
2025-09-09  7:32:03 0 [Note] Server socket created on IP: '::'.
2025-09-09 10:30:00 0 [Note] Starting MariaDB 10.4.32-MariaDB source revision c4143f909528e3fab0677a28631d10389354c491 as process 432
2025-09-09 10:30:00 0 [Note] InnoDB: Mutexes and rw_locks use Windows interlocked functions
2025-09-09 10:30:00 0 [Note] InnoDB: Uses event mutexes
2025-09-09 10:30:00 0 [Note] InnoDB: Compressed tables use zlib 1.3
2025-09-09 10:30:00 0 [Note] InnoDB: Number of pools: 1
2025-09-09 10:30:00 0 [Note] InnoDB: Using SSE2 crc32 instructions
2025-09-09 10:30:00 0 [Note] InnoDB: Initializing buffer pool, total size = 16M, instances = 1, chunk size = 16M
2025-09-09 10:30:00 0 [Note] InnoDB: Completed initialization of buffer pool
2025-09-09 10:30:00 0 [Note] InnoDB: Starting crash recovery from checkpoint LSN=300306
2025-09-09 10:30:00 0 [Note] InnoDB: 128 out of 128 rollback segments are active.
2025-09-09 10:30:00 0 [Note] InnoDB: Removed temporary tablespace data file: "ibtmp1"
2025-09-09 10:30:00 0 [Note] InnoDB: Creating shared tablespace for temporary tables
2025-09-09 10:30:00 0 [Note] InnoDB: Setting file 'C:\xampp\mysql\data\ibtmp1' size to 12 MB. Physically writing the file full; Please wait ...
2025-09-09 10:30:00 0 [Note] InnoDB: File 'C:\xampp\mysql\data\ibtmp1' size is now 12 MB.
2025-09-09 10:30:00 0 [Note] InnoDB: Waiting for purge to start
2025-09-09 10:30:00 0 [Note] InnoDB: 10.4.32 started; log sequence number 300315; transaction id 170
2025-09-09 10:30:00 0 [Note] InnoDB: Loading buffer pool(s) from C:\xampp\mysql\data\ib_buffer_pool
2025-09-09 10:30:00 0 [Note] Plugin 'FEEDBACK' is disabled.
2025-09-09 10:30:00 0 [Note] InnoDB: Buffer pool(s) load completed at 250909 10:30:00
2025-09-09 10:30:00 0 [Note] Server socket created on IP: '::'.
2025-09-09 10:32:14 0 [Note] Starting MariaDB 10.4.32-MariaDB source revision c4143f909528e3fab0677a28631d10389354c491 as process 13784
2025-09-09 10:32:14 0 [Note] mysqld.exe: Aria engine: starting recovery
recovered pages: 0% 50% 100% (0.0 seconds); tables to flush: 1 0
 (0.0 seconds); 
2025-09-09 10:32:14 0 [Note] mysqld.exe: Aria engine: recovery done
2025-09-09 10:32:14 0 [Note] InnoDB: Mutexes and rw_locks use Windows interlocked functions
2025-09-09 10:32:14 0 [Note] InnoDB: Uses event mutexes
2025-09-09 10:32:14 0 [Note] InnoDB: Compressed tables use zlib 1.3
2025-09-09 10:32:14 0 [Note] InnoDB: Number of pools: 1
2025-09-09 10:32:14 0 [Note] InnoDB: Using SSE2 crc32 instructions
2025-09-09 10:32:14 0 [Note] InnoDB: Initializing buffer pool, total size = 16M, instances = 1, chunk size = 16M
2025-09-09 10:32:14 0 [Note] InnoDB: Completed initialization of buffer pool
2025-09-09 10:32:14 0 [Note] InnoDB: Starting crash recovery from checkpoint LSN=303792
2025-09-09 10:32:15 0 [Note] InnoDB: 128 out of 128 rollback segments are active.
2025-09-09 10:32:15 0 [Note] InnoDB: Removed temporary tablespace data file: "ibtmp1"
2025-09-09 10:32:15 0 [Note] InnoDB: Creating shared tablespace for temporary tables
2025-09-09 10:32:15 0 [Note] InnoDB: Setting file 'C:\xampp\mysql\data\ibtmp1' size to 12 MB. Physically writing the file full; Please wait ...
2025-09-09 10:32:15 0 [Note] InnoDB: File 'C:\xampp\mysql\data\ibtmp1' size is now 12 MB.
2025-09-09 10:32:15 0 [Note] InnoDB: Waiting for purge to start
2025-09-09 10:32:15 0 [Note] InnoDB: 10.4.32 started; log sequence number 303801; transaction id 193
2025-09-09 10:32:15 0 [Note] InnoDB: Loading buffer pool(s) from C:\xampp\mysql\data\ib_buffer_pool
2025-09-09 10:32:15 0 [Note] Plugin 'FEEDBACK' is disabled.
2025-09-09 10:32:15 0 [Note] Server socket created on IP: '::'.
2025-09-25 10:57:18 0 [Note] Starting MariaDB 10.4.32-MariaDB source revision c4143f909528e3fab0677a28631d10389354c491 as process 11976
2025-09-25 10:57:19 0 [Note] InnoDB: Mutexes and rw_locks use Windows interlocked functions
2025-09-25 10:57:19 0 [Note] InnoDB: Uses event mutexes
2025-09-25 10:57:19 0 [Note] InnoDB: Compressed tables use zlib 1.3
2025-09-25 10:57:19 0 [Note] InnoDB: Number of pools: 1
2025-09-25 10:57:19 0 [Note] InnoDB: Using SSE2 crc32 instructions
2025-09-25 10:57:19 0 [Note] InnoDB: Initializing buffer pool, total size = 16M, instances = 1, chunk size = 16M
2025-09-25 10:57:19 0 [Note] InnoDB: Completed initialization of buffer pool
2025-09-25 10:57:19 0 [Note] InnoDB: Starting crash recovery from checkpoint LSN=253273461
2025-09-25 10:57:19 0 [Note] InnoDB: 128 out of 128 rollback segments are active.
2025-09-25 10:57:19 0 [Note] InnoDB: Removed temporary tablespace data file: "ibtmp1"
2025-09-25 10:57:19 0 [Note] InnoDB: Creating shared tablespace for temporary tables
2025-09-25 10:57:19 0 [Note] InnoDB: Setting file 'C:\xampp\mysql\data\ibtmp1' size to 12 MB. Physically writing the file full; Please wait ...
2025-09-25 10:57:19 0 [Note] InnoDB: File 'C:\xampp\mysql\data\ibtmp1' size is now 12 MB.
2025-09-25 10:57:19 0 [Note] InnoDB: Waiting for purge to start
2025-09-25 10:57:19 0 [Note] InnoDB: 10.4.32 started; log sequence number 253273470; transaction id 1558
2025-09-25 10:57:19 0 [Note] InnoDB: Loading buffer pool(s) from C:\xampp\mysql\data\ib_buffer_pool
2025-09-25 10:57:19 0 [Note] Plugin 'FEEDBACK' is disabled.
2025-09-25 10:57:19 0 [Note] InnoDB: Buffer pool(s) load completed at 250925 10:57:19
2025-09-25 10:57:19 0 [Note] Server socket created on IP: '::'.
2025-09-29 10:31:54 0 [Note] Starting MariaDB 10.4.32-MariaDB source revision c4143f909528e3fab0677a28631d10389354c491 as process 22016
2025-09-29 10:31:54 0 [Note] InnoDB: Mutexes and rw_locks use Windows interlocked functions
2025-09-29 10:31:54 0 [Note] InnoDB: Uses event mutexes
2025-09-29 10:31:54 0 [Note] InnoDB: Compressed tables use zlib 1.3
2025-09-29 10:31:54 0 [Note] InnoDB: Number of pools: 1
2025-09-29 10:31:54 0 [Note] InnoDB: Using SSE2 crc32 instructions
2025-09-29 10:31:54 0 [Note] InnoDB: Initializing buffer pool, total size = 16M, instances = 1, chunk size = 16M
2025-09-29 10:31:54 0 [Note] InnoDB: Completed initialization of buffer pool
2025-09-29 10:31:54 0 [Note] InnoDB: Starting crash recovery from checkpoint LSN=253359060
2025-09-29 10:31:54 0 [Note] InnoDB: 128 out of 128 rollback segments are active.
2025-09-29 10:31:54 0 [Note] InnoDB: Removed temporary tablespace data file: "ibtmp1"
2025-09-29 10:31:54 0 [Note] InnoDB: Creating shared tablespace for temporary tables
2025-09-29 10:31:54 0 [Note] InnoDB: Setting file 'C:\xampp\mysql\data\ibtmp1' size to 12 MB. Physically writing the file full; Please wait ...
2025-09-29 10:31:54 0 [Note] InnoDB: File 'C:\xampp\mysql\data\ibtmp1' size is now 12 MB.
2025-09-29 10:31:54 0 [Note] InnoDB: Waiting for purge to start
2025-09-29 10:31:54 0 [Note] InnoDB: 10.4.32 started; log sequence number 253359069; transaction id 1859
2025-09-29 10:31:54 0 [Note] Plugin 'FEEDBACK' is disabled.
2025-09-29 10:31:54 0 [Note] InnoDB: Loading buffer pool(s) from C:\xampp\mysql\data\ib_buffer_pool
2025-09-29 10:31:54 0 [Note] InnoDB: Buffer pool(s) load completed at 250929 10:31:54
2025-09-29 10:31:54 0 [Note] Server socket created on IP: '::'.
2025-10-08  7:29:23 0 [Note] Starting MariaDB 10.4.32-MariaDB source revision c4143f909528e3fab0677a28631d10389354c491 as process 21524
2025-10-08  7:29:23 0 [Note] InnoDB: Mutexes and rw_locks use Windows interlocked functions
2025-10-08  7:29:23 0 [Note] InnoDB: Uses event mutexes
2025-10-08  7:29:23 0 [Note] InnoDB: Compressed tables use zlib 1.3
2025-10-08  7:29:23 0 [Note] InnoDB: Number of pools: 1
2025-10-08  7:29:23 0 [Note] InnoDB: Using SSE2 crc32 instructions
2025-10-08  7:29:23 0 [Note] InnoDB: Initializing buffer pool, total size = 16M, instances = 1, chunk size = 16M
2025-10-08  7:29:23 0 [Note] InnoDB: Completed initialization of buffer pool
2025-10-08  7:29:23 0 [Note] InnoDB: Starting crash recovery from checkpoint LSN=253359078
2025-10-08  7:29:24 0 [Note] InnoDB: 128 out of 128 rollback segments are active.
2025-10-08  7:29:24 0 [Note] InnoDB: Removed temporary tablespace data file: "ibtmp1"
2025-10-08  7:29:24 0 [Note] InnoDB: Creating shared tablespace for temporary tables
2025-10-08  7:29:24 0 [Note] InnoDB: Setting file 'C:\xampp\mysql\data\ibtmp1' size to 12 MB. Physically writing the file full; Please wait ...
2025-10-08  7:29:24 0 [Note] InnoDB: File 'C:\xampp\mysql\data\ibtmp1' size is now 12 MB.
2025-10-08  7:29:24 0 [Note] InnoDB: Waiting for purge to start
2025-10-08  7:29:24 0 [Note] InnoDB: 10.4.32 started; log sequence number 253359087; transaction id 1859
2025-10-08  7:29:24 0 [Note] InnoDB: Loading buffer pool(s) from C:\xampp\mysql\data\ib_buffer_pool
2025-10-08  7:29:24 0 [Note] Plugin 'FEEDBACK' is disabled.
2025-10-08  7:29:24 0 [Note] InnoDB: Buffer pool(s) load completed at 251008  7:29:24
2025-10-08  7:29:24 0 [Note] Server socket created on IP: '::'.
2025-10-08 20:17:18 0 [Note] Starting MariaDB 10.4.32-MariaDB source revision c4143f909528e3fab0677a28631d10389354c491 as process 3620
2025-10-08 20:17:18 0 [Note] mysqld.exe: Aria engine: starting recovery
recovered pages: 0% 12% 50% 74% 85% 100% (0.0 seconds); tables to flush: 2 1 0
 (0.0 seconds); 
2025-10-08 20:17:18 0 [Note] mysqld.exe: Aria engine: recovery done
2025-10-08 20:17:18 0 [Note] InnoDB: Mutexes and rw_locks use Windows interlocked functions
2025-10-08 20:17:18 0 [Note] InnoDB: Uses event mutexes
2025-10-08 20:17:18 0 [Note] InnoDB: Compressed tables use zlib 1.3
2025-10-08 20:17:18 0 [Note] InnoDB: Number of pools: 1
2025-10-08 20:17:18 0 [Note] InnoDB: Using SSE2 crc32 instructions
2025-10-08 20:17:18 0 [Note] InnoDB: Initializing buffer pool, total size = 16M, instances = 1, chunk size = 16M
2025-10-08 20:17:18 0 [Note] InnoDB: Completed initialization of buffer pool
2025-10-08 20:17:18 0 [Note] InnoDB: Starting crash recovery from checkpoint LSN=571769038
2025-10-08 20:17:20 0 [Note] InnoDB: 128 out of 128 rollback segments are active.
2025-10-08 20:17:20 0 [Note] InnoDB: Removed temporary tablespace data file: "ibtmp1"
2025-10-08 20:17:20 0 [Note] InnoDB: Creating shared tablespace for temporary tables
2025-10-08 20:17:20 0 [Note] InnoDB: Setting file 'C:\xampp\mysql\data\ibtmp1' size to 12 MB. Physically writing the file full; Please wait ...
2025-10-08 20:17:20 0 [Note] InnoDB: File 'C:\xampp\mysql\data\ibtmp1' size is now 12 MB.
2025-10-08 20:17:20 0 [Note] InnoDB: Waiting for purge to start
2025-10-08 20:17:20 0 [Note] InnoDB: 10.4.32 started; log sequence number 571769047; transaction id 5492
2025-10-08 20:17:20 0 [Note] InnoDB: Loading buffer pool(s) from C:\xampp\mysql\data\ib_buffer_pool
2025-10-08 20:17:20 0 [Note] Plugin 'FEEDBACK' is disabled.
2025-10-08 20:17:20 0 [Note] InnoDB: Buffer pool(s) load completed at 251008 20:17:20
2025-10-08 20:17:20 0 [Note] Server socket created on IP: '::'.
2025-10-09  8:16:49 0 [Note] Starting MariaDB 10.4.32-MariaDB source revision c4143f909528e3fab0677a28631d10389354c491 as process 9780
2025-10-09  8:16:49 0 [Note] InnoDB: Mutexes and rw_locks use Windows interlocked functions
2025-10-09  8:16:49 0 [Note] InnoDB: Uses event mutexes
2025-10-09  8:16:49 0 [Note] InnoDB: Compressed tables use zlib 1.3
2025-10-09  8:16:49 0 [Note] InnoDB: Number of pools: 1
2025-10-09  8:16:49 0 [Note] InnoDB: Using SSE2 crc32 instructions
2025-10-09  8:16:49 0 [Note] InnoDB: Initializing buffer pool, total size = 16M, instances = 1, chunk size = 16M
2025-10-09  8:16:49 0 [Note] InnoDB: Completed initialization of buffer pool
2025-10-09  8:16:49 0 [Note] InnoDB: Starting crash recovery from checkpoint LSN=571788437
2025-10-09  8:16:51 0 [Note] InnoDB: 128 out of 128 rollback segments are active.
2025-10-09  8:16:51 0 [Note] InnoDB: Removed temporary tablespace data file: "ibtmp1"
2025-10-09  8:16:51 0 [Note] InnoDB: Creating shared tablespace for temporary tables
2025-10-09  8:16:51 0 [Note] InnoDB: Setting file 'C:\xampp\mysql\data\ibtmp1' size to 12 MB. Physically writing the file full; Please wait ...
2025-10-09  8:16:51 0 [Note] InnoDB: File 'C:\xampp\mysql\data\ibtmp1' size is now 12 MB.
2025-10-09  8:16:51 0 [Note] InnoDB: Waiting for purge to start
2025-10-09  8:16:51 0 [Note] InnoDB: 10.4.32 started; log sequence number 571788446; transaction id 5512
2025-10-09  8:16:51 0 [Note] InnoDB: Loading buffer pool(s) from C:\xampp\mysql\data\ib_buffer_pool
2025-10-09  8:16:51 0 [Note] Plugin 'FEEDBACK' is disabled.
2025-10-09  8:16:51 0 [Note] InnoDB: Buffer pool(s) load completed at 251009  8:16:51
2025-10-09  8:16:51 0 [Note] Server socket created on IP: '::'.
2025-10-10  8:28:01 0 [Note] Starting MariaDB 10.4.32-MariaDB source revision c4143f909528e3fab0677a28631d10389354c491 as process 14020
2025-10-10  8:28:01 0 [Note] InnoDB: Mutexes and rw_locks use Windows interlocked functions
2025-10-10  8:28:01 0 [Note] InnoDB: Uses event mutexes
2025-10-10  8:28:01 0 [Note] InnoDB: Compressed tables use zlib 1.3
2025-10-10  8:28:01 0 [Note] InnoDB: Number of pools: 1
2025-10-10  8:28:01 0 [Note] InnoDB: Using SSE2 crc32 instructions
2025-10-10  8:28:01 0 [Note] InnoDB: Initializing buffer pool, total size = 16M, instances = 1, chunk size = 16M
2025-10-10  8:28:01 0 [Note] InnoDB: Completed initialization of buffer pool
2025-10-10  8:28:01 0 [Note] InnoDB: Starting crash recovery from checkpoint LSN=572166708
2025-10-10  8:28:04 0 [Note] InnoDB: 128 out of 128 rollback segments are active.
2025-10-10  8:28:04 0 [Note] InnoDB: Removed temporary tablespace data file: "ibtmp1"
2025-10-10  8:28:04 0 [Note] InnoDB: Creating shared tablespace for temporary tables
2025-10-10  8:28:04 0 [Note] InnoDB: Setting file 'C:\xampp\mysql\data\ibtmp1' size to 12 MB. Physically writing the file full; Please wait ...
2025-10-10  8:28:04 0 [Note] InnoDB: File 'C:\xampp\mysql\data\ibtmp1' size is now 12 MB.
2025-10-10  8:28:04 0 [Note] InnoDB: Waiting for purge to start
2025-10-10  8:28:04 0 [Note] InnoDB: 10.4.32 started; log sequence number 572166717; transaction id 6302
2025-10-10  8:28:04 0 [Note] Plugin 'FEEDBACK' is disabled.
2025-10-10  8:28:04 0 [Note] InnoDB: Loading buffer pool(s) from C:\xampp\mysql\data\ib_buffer_pool
2025-10-10  8:28:04 0 [Note] InnoDB: Buffer pool(s) load completed at 251010  8:28:04
2025-10-10  8:28:04 0 [Note] Server socket created on IP: '::'.
2025-10-11  8:34:39 0 [Note] Starting MariaDB 10.4.32-MariaDB source revision c4143f909528e3fab0677a28631d10389354c491 as process 26588
2025-10-11  8:34:39 0 [Note] InnoDB: Mutexes and rw_locks use Windows interlocked functions
2025-10-11  8:34:39 0 [Note] InnoDB: Uses event mutexes
2025-10-11  8:34:39 0 [Note] InnoDB: Compressed tables use zlib 1.3
2025-10-11  8:34:39 0 [Note] InnoDB: Number of pools: 1
2025-10-11  8:34:39 0 [Note] InnoDB: Using SSE2 crc32 instructions
2025-10-11  8:34:39 0 [Note] InnoDB: Initializing buffer pool, total size = 16M, instances = 1, chunk size = 16M
2025-10-11  8:34:39 0 [Note] InnoDB: Completed initialization of buffer pool
2025-10-11  8:34:39 0 [Note] InnoDB: Starting crash recovery from checkpoint LSN=572314538
2025-10-11  8:34:41 0 [Note] InnoDB: 128 out of 128 rollback segments are active.
2025-10-11  8:34:41 0 [Note] InnoDB: Removed temporary tablespace data file: "ibtmp1"
2025-10-11  8:34:41 0 [Note] InnoDB: Creating shared tablespace for temporary tables
2025-10-11  8:34:41 0 [Note] InnoDB: Setting file 'C:\xampp\mysql\data\ibtmp1' size to 12 MB. Physically writing the file full; Please wait ...
2025-10-11  8:34:41 0 [Note] InnoDB: File 'C:\xampp\mysql\data\ibtmp1' size is now 12 MB.
2025-10-11  8:34:41 0 [Note] InnoDB: Waiting for purge to start
2025-10-11  8:34:42 0 [Note] InnoDB: 10.4.32 started; log sequence number 572314547; transaction id 6594
2025-10-11  8:34:42 0 [Note] Plugin 'FEEDBACK' is disabled.
2025-10-11  8:34:42 0 [Note] InnoDB: Loading buffer pool(s) from C:\xampp\mysql\data\ib_buffer_pool
2025-10-11  8:34:42 0 [Note] InnoDB: Buffer pool(s) load completed at 251011  8:34:42
2025-10-11  8:34:42 0 [Note] Server socket created on IP: '::'.
2025-10-11 14:06:44 0 [Note] Starting MariaDB 10.4.32-MariaDB source revision c4143f909528e3fab0677a28631d10389354c491 as process 10760
2025-10-11 14:06:44 0 [Note] InnoDB: Mutexes and rw_locks use Windows interlocked functions
2025-10-11 14:06:44 0 [Note] InnoDB: Uses event mutexes
2025-10-11 14:06:44 0 [Note] InnoDB: Compressed tables use zlib 1.3
2025-10-11 14:06:44 0 [Note] InnoDB: Number of pools: 1
2025-10-11 14:06:44 0 [Note] InnoDB: Using SSE2 crc32 instructions
2025-10-11 14:06:44 0 [Note] InnoDB: Initializing buffer pool, total size = 16M, instances = 1, chunk size = 16M
2025-10-11 14:06:44 0 [Note] InnoDB: Completed initialization of buffer pool
2025-10-11 14:06:44 0 [Note] InnoDB: Starting crash recovery from checkpoint LSN=572522194
2025-10-11 14:06:46 0 [Note] InnoDB: 128 out of 128 rollback segments are active.
2025-10-11 14:06:46 0 [Note] InnoDB: Removed temporary tablespace data file: "ibtmp1"
2025-10-11 14:06:46 0 [Note] InnoDB: Creating shared tablespace for temporary tables
2025-10-11 14:06:46 0 [Note] InnoDB: Setting file 'C:\xampp\mysql\data\ibtmp1' size to 12 MB. Physically writing the file full; Please wait ...
2025-10-11 14:06:46 0 [Note] InnoDB: File 'C:\xampp\mysql\data\ibtmp1' size is now 12 MB.
2025-10-11 14:06:46 0 [Note] InnoDB: Waiting for purge to start
2025-10-11 14:06:46 0 [Note] InnoDB: 10.4.32 started; log sequence number 572522203; transaction id 6981
2025-10-11 14:06:46 0 [Note] InnoDB: Loading buffer pool(s) from C:\xampp\mysql\data\ib_buffer_pool
2025-10-11 14:06:46 0 [Note] Plugin 'FEEDBACK' is disabled.
2025-10-11 14:06:46 0 [Note] InnoDB: Buffer pool(s) load completed at 251011 14:06:46
2025-10-11 14:06:46 0 [Note] Server socket created on IP: '::'.
2025-10-12  8:40:04 0 [Note] Starting MariaDB 10.4.32-MariaDB source revision c4143f909528e3fab0677a28631d10389354c491 as process 15748
2025-10-12  8:40:04 0 [Note] InnoDB: Mutexes and rw_locks use Windows interlocked functions
2025-10-12  8:40:04 0 [Note] InnoDB: Uses event mutexes
2025-10-12  8:40:04 0 [Note] InnoDB: Compressed tables use zlib 1.3
2025-10-12  8:40:04 0 [Note] InnoDB: Number of pools: 1
2025-10-12  8:40:04 0 [Note] InnoDB: Using SSE2 crc32 instructions
2025-10-12  8:40:04 0 [Note] InnoDB: Initializing buffer pool, total size = 16M, instances = 1, chunk size = 16M
2025-10-12  8:40:04 0 [Note] InnoDB: Completed initialization of buffer pool
2025-10-12  8:40:04 0 [Note] InnoDB: Starting crash recovery from checkpoint LSN=572775036
2025-10-12  8:40:06 0 [Note] InnoDB: 128 out of 128 rollback segments are active.
2025-10-12  8:40:06 0 [Note] InnoDB: Removed temporary tablespace data file: "ibtmp1"
2025-10-12  8:40:06 0 [Note] InnoDB: Creating shared tablespace for temporary tables
2025-10-12  8:40:06 0 [Note] InnoDB: Setting file 'C:\xampp\mysql\data\ibtmp1' size to 12 MB. Physically writing the file full; Please wait ...
2025-10-12  8:40:06 0 [Note] InnoDB: File 'C:\xampp\mysql\data\ibtmp1' size is now 12 MB.
2025-10-12  8:40:06 0 [Note] InnoDB: Waiting for purge to start
2025-10-12  8:40:06 0 [Note] InnoDB: 10.4.32 started; log sequence number 572775045; transaction id 7332
2025-10-12  8:40:06 0 [Note] InnoDB: Loading buffer pool(s) from C:\xampp\mysql\data\ib_buffer_pool
2025-10-12  8:40:06 0 [Note] Plugin 'FEEDBACK' is disabled.
2025-10-12  8:40:06 0 [Note] InnoDB: Buffer pool(s) load completed at 251012  8:40:06
2025-10-12  8:40:06 0 [Note] Server socket created on IP: '::'.
2025-10-13  8:43:59 0 [Note] Starting MariaDB 10.4.32-MariaDB source revision c4143f909528e3fab0677a28631d10389354c491 as process 30420
2025-10-13  8:43:59 0 [Note] InnoDB: Mutexes and rw_locks use Windows interlocked functions
2025-10-13  8:43:59 0 [Note] InnoDB: Uses event mutexes
2025-10-13  8:43:59 0 [Note] InnoDB: Compressed tables use zlib 1.3
2025-10-13  8:43:59 0 [Note] InnoDB: Number of pools: 1
2025-10-13  8:43:59 0 [Note] InnoDB: Using SSE2 crc32 instructions
2025-10-13  8:43:59 0 [Note] InnoDB: Initializing buffer pool, total size = 16M, instances = 1, chunk size = 16M
2025-10-13  8:43:59 0 [Note] InnoDB: Completed initialization of buffer pool
2025-10-13  8:43:59 0 [Note] InnoDB: Starting crash recovery from checkpoint LSN=572775054
2025-10-13  8:44:02 0 [Note] InnoDB: 128 out of 128 rollback segments are active.
2025-10-13  8:44:02 0 [Note] InnoDB: Removed temporary tablespace data file: "ibtmp1"
2025-10-13  8:44:02 0 [Note] InnoDB: Creating shared tablespace for temporary tables
2025-10-13  8:44:02 0 [Note] InnoDB: Setting file 'C:\xampp\mysql\data\ibtmp1' size to 12 MB. Physically writing the file full; Please wait ...
2025-10-13  8:44:02 0 [Note] InnoDB: File 'C:\xampp\mysql\data\ibtmp1' size is now 12 MB.
2025-10-13  8:44:02 0 [Note] InnoDB: Waiting for purge to start
2025-10-13  8:44:02 0 [Note] InnoDB: 10.4.32 started; log sequence number 572775063; transaction id 7332
2025-10-13  8:44:02 0 [Note] InnoDB: Loading buffer pool(s) from C:\xampp\mysql\data\ib_buffer_pool
2025-10-13  8:44:02 0 [Note] Plugin 'FEEDBACK' is disabled.
2025-10-13  8:44:02 0 [Note] InnoDB: Buffer pool(s) load completed at 251013  8:44:02
2025-10-13  8:44:02 0 [Note] Server socket created on IP: '::'.
2025-10-14  9:09:58 0 [Note] Starting MariaDB 10.4.32-MariaDB source revision c4143f909528e3fab0677a28631d10389354c491 as process 10500
2025-10-14  9:09:58 0 [Note] InnoDB: Mutexes and rw_locks use Windows interlocked functions
2025-10-14  9:09:58 0 [Note] InnoDB: Uses event mutexes
2025-10-14  9:09:58 0 [Note] InnoDB: Compressed tables use zlib 1.3
2025-10-14  9:09:58 0 [Note] InnoDB: Number of pools: 1
2025-10-14  9:09:58 0 [Note] InnoDB: Using SSE2 crc32 instructions
2025-10-14  9:09:58 0 [Note] InnoDB: Initializing buffer pool, total size = 16M, instances = 1, chunk size = 16M
2025-10-14  9:09:58 0 [Note] InnoDB: Completed initialization of buffer pool
2025-10-14  9:09:58 0 [Note] InnoDB: Starting crash recovery from checkpoint LSN=573058914
2025-10-14  9:10:01 0 [Note] InnoDB: 128 out of 128 rollback segments are active.
2025-10-14  9:10:01 0 [Note] InnoDB: Removed temporary tablespace data file: "ibtmp1"
2025-10-14  9:10:01 0 [Note] InnoDB: Creating shared tablespace for temporary tables
2025-10-14  9:10:01 0 [Note] InnoDB: Setting file 'C:\xampp\mysql\data\ibtmp1' size to 12 MB. Physically writing the file full; Please wait ...
2025-10-14  9:10:01 0 [Note] InnoDB: File 'C:\xampp\mysql\data\ibtmp1' size is now 12 MB.
2025-10-14  9:10:01 0 [Note] InnoDB: Waiting for purge to start
2025-10-14  9:10:01 0 [Note] InnoDB: 10.4.32 started; log sequence number 573058923; transaction id 7694
2025-10-14  9:10:01 0 [Note] InnoDB: Loading buffer pool(s) from C:\xampp\mysql\data\ib_buffer_pool
2025-10-14  9:10:01 0 [Note] Plugin 'FEEDBACK' is disabled.
2025-10-14  9:10:01 0 [Note] InnoDB: Buffer pool(s) load completed at 251014  9:10:01
2025-10-14  9:10:01 0 [Note] Server socket created on IP: '::'.
